Archive member included because of file (symbol)

d:/program files/msvisualstd10/extensions/atmel/avrgcc/3.4.1.95/avrtoolchain/bin/../lib/gcc/avr/4.6.2/../../../../avr/lib/avr51\libm.a(addsf3.o)
                              PressureSensor.o (__subsf3)
d:/program files/msvisualstd10/extensions/atmel/avrgcc/3.4.1.95/avrtoolchain/bin/../lib/gcc/avr/4.6.2/../../../../avr/lib/avr51\libm.a(addsf3x.o)
                              d:/program files/msvisualstd10/extensions/atmel/avrgcc/3.4.1.95/avrtoolchain/bin/../lib/gcc/avr/4.6.2/../../../../avr/lib/avr51\libm.a(addsf3.o) (__addsf3x)
d:/program files/msvisualstd10/extensions/atmel/avrgcc/3.4.1.95/avrtoolchain/bin/../lib/gcc/avr/4.6.2/../../../../avr/lib/avr51\libm.a(cmpsf2.o)
                              PressureSensor.o (__ltsf2)
d:/program files/msvisualstd10/extensions/atmel/avrgcc/3.4.1.95/avrtoolchain/bin/../lib/gcc/avr/4.6.2/../../../../avr/lib/avr51\libm.a(divsf3.o)
                              PressureSensor.o (__divsf3)
d:/program files/msvisualstd10/extensions/atmel/avrgcc/3.4.1.95/avrtoolchain/bin/../lib/gcc/avr/4.6.2/../../../../avr/lib/avr51\libm.a(divsf3x.o)
                              d:/program files/msvisualstd10/extensions/atmel/avrgcc/3.4.1.95/avrtoolchain/bin/../lib/gcc/avr/4.6.2/../../../../avr/lib/avr51\libm.a(divsf3.o) (__divsf3x)
d:/program files/msvisualstd10/extensions/atmel/avrgcc/3.4.1.95/avrtoolchain/bin/../lib/gcc/avr/4.6.2/../../../../avr/lib/avr51\libm.a(fixsfsi.o)
                              Adc.o (__fixsfsi)
d:/program files/msvisualstd10/extensions/atmel/avrgcc/3.4.1.95/avrtoolchain/bin/../lib/gcc/avr/4.6.2/../../../../avr/lib/avr51\libm.a(fixunssfsi.o)
                              d:/program files/msvisualstd10/extensions/atmel/avrgcc/3.4.1.95/avrtoolchain/bin/../lib/gcc/avr/4.6.2/../../../../avr/lib/avr51\libm.a(fixsfsi.o) (__fixunssfsi)
d:/program files/msvisualstd10/extensions/atmel/avrgcc/3.4.1.95/avrtoolchain/bin/../lib/gcc/avr/4.6.2/../../../../avr/lib/avr51\libm.a(floatsisf.o)
                              Adc.o (__floatunsisf)
d:/program files/msvisualstd10/extensions/atmel/avrgcc/3.4.1.95/avrtoolchain/bin/../lib/gcc/avr/4.6.2/../../../../avr/lib/avr51\libm.a(fp_cmp.o)
                              d:/program files/msvisualstd10/extensions/atmel/avrgcc/3.4.1.95/avrtoolchain/bin/../lib/gcc/avr/4.6.2/../../../../avr/lib/avr51\libm.a(cmpsf2.o) (__fp_cmp)
d:/program files/msvisualstd10/extensions/atmel/avrgcc/3.4.1.95/avrtoolchain/bin/../lib/gcc/avr/4.6.2/../../../../avr/lib/avr51\libm.a(fp_inf.o)
                              d:/program files/msvisualstd10/extensions/atmel/avrgcc/3.4.1.95/avrtoolchain/bin/../lib/gcc/avr/4.6.2/../../../../avr/lib/avr51\libm.a(addsf3x.o) (__fp_inf)
d:/program files/msvisualstd10/extensions/atmel/avrgcc/3.4.1.95/avrtoolchain/bin/../lib/gcc/avr/4.6.2/../../../../avr/lib/avr51\libm.a(fp_nan.o)
                              d:/program files/msvisualstd10/extensions/atmel/avrgcc/3.4.1.95/avrtoolchain/bin/../lib/gcc/avr/4.6.2/../../../../avr/lib/avr51\libm.a(addsf3x.o) (__fp_nan)
d:/program files/msvisualstd10/extensions/atmel/avrgcc/3.4.1.95/avrtoolchain/bin/../lib/gcc/avr/4.6.2/../../../../avr/lib/avr51\libm.a(fp_pscA.o)
                              d:/program files/msvisualstd10/extensions/atmel/avrgcc/3.4.1.95/avrtoolchain/bin/../lib/gcc/avr/4.6.2/../../../../avr/lib/avr51\libm.a(addsf3x.o) (__fp_pscA)
d:/program files/msvisualstd10/extensions/atmel/avrgcc/3.4.1.95/avrtoolchain/bin/../lib/gcc/avr/4.6.2/../../../../avr/lib/avr51\libm.a(fp_pscB.o)
                              d:/program files/msvisualstd10/extensions/atmel/avrgcc/3.4.1.95/avrtoolchain/bin/../lib/gcc/avr/4.6.2/../../../../avr/lib/avr51\libm.a(addsf3x.o) (__fp_pscB)
d:/program files/msvisualstd10/extensions/atmel/avrgcc/3.4.1.95/avrtoolchain/bin/../lib/gcc/avr/4.6.2/../../../../avr/lib/avr51\libm.a(fp_round.o)
                              d:/program files/msvisualstd10/extensions/atmel/avrgcc/3.4.1.95/avrtoolchain/bin/../lib/gcc/avr/4.6.2/../../../../avr/lib/avr51\libm.a(addsf3.o) (__fp_round)
d:/program files/msvisualstd10/extensions/atmel/avrgcc/3.4.1.95/avrtoolchain/bin/../lib/gcc/avr/4.6.2/../../../../avr/lib/avr51\libm.a(fp_split3.o)
                              d:/program files/msvisualstd10/extensions/atmel/avrgcc/3.4.1.95/avrtoolchain/bin/../lib/gcc/avr/4.6.2/../../../../avr/lib/avr51\libm.a(addsf3x.o) (__fp_split3)
d:/program files/msvisualstd10/extensions/atmel/avrgcc/3.4.1.95/avrtoolchain/bin/../lib/gcc/avr/4.6.2/../../../../avr/lib/avr51\libm.a(fp_zero.o)
                              d:/program files/msvisualstd10/extensions/atmel/avrgcc/3.4.1.95/avrtoolchain/bin/../lib/gcc/avr/4.6.2/../../../../avr/lib/avr51\libm.a(addsf3x.o) (__fp_zero)
d:/program files/msvisualstd10/extensions/atmel/avrgcc/3.4.1.95/avrtoolchain/bin/../lib/gcc/avr/4.6.2/../../../../avr/lib/avr51\libm.a(mulsf3.o)
                              Adc.o (__mulsf3)
d:/program files/msvisualstd10/extensions/atmel/avrgcc/3.4.1.95/avrtoolchain/bin/../lib/gcc/avr/4.6.2/../../../../avr/lib/avr51\libm.a(mulsf3x.o)
                              d:/program files/msvisualstd10/extensions/atmel/avrgcc/3.4.1.95/avrtoolchain/bin/../lib/gcc/avr/4.6.2/../../../../avr/lib/avr51\libm.a(mulsf3.o) (__mulsf3x)
d:/program files/msvisualstd10/extensions/atmel/avrgcc/3.4.1.95/avrtoolchain/bin/../lib/gcc/avr/4.6.2/avr51\libgcc.a(_divmodhi4.o)
                              Adc.o (__divmodhi4)
d:/program files/msvisualstd10/extensions/atmel/avrgcc/3.4.1.95/avrtoolchain/bin/../lib/gcc/avr/4.6.2/avr51\libgcc.a(_exit.o)
                              d:/program files/msvisualstd10/extensions/atmel/avrgcc/3.4.1.95/avrtoolchain/bin/../lib/gcc/avr/4.6.2/../../../../avr/lib/avr51/crtm128a.o (exit)
d:/program files/msvisualstd10/extensions/atmel/avrgcc/3.4.1.95/avrtoolchain/bin/../lib/gcc/avr/4.6.2/avr51\libgcc.a(_copy_data.o)
                              Adc.o (__do_copy_data)
d:/program files/msvisualstd10/extensions/atmel/avrgcc/3.4.1.95/avrtoolchain/bin/../lib/gcc/avr/4.6.2/avr51\libgcc.a(_clear_bss.o)
                              Adc.o (__do_clear_bss)
d:/program files/msvisualstd10/extensions/atmel/avrgcc/3.4.1.95/avrtoolchain/bin/../lib/gcc/avr/4.6.2/avr51\libgcc.a(_udivmodhi4.o)
                              d:/program files/msvisualstd10/extensions/atmel/avrgcc/3.4.1.95/avrtoolchain/bin/../lib/gcc/avr/4.6.2/avr51\libgcc.a(_divmodhi4.o) (__udivmodhi4)
d:/program files/msvisualstd10/extensions/atmel/avrgcc/3.4.1.95/avrtoolchain/bin/../lib/gcc/avr/4.6.2/../../../../avr/lib/avr51\libc.a(itoa.o)
                              Display.o (itoa)
d:/program files/msvisualstd10/extensions/atmel/avrgcc/3.4.1.95/avrtoolchain/bin/../lib/gcc/avr/4.6.2/../../../../avr/lib/avr51\libc.a(strrev.o)
                              d:/program files/msvisualstd10/extensions/atmel/avrgcc/3.4.1.95/avrtoolchain/bin/../lib/gcc/avr/4.6.2/../../../../avr/lib/avr51\libc.a(itoa.o) (strrev)

Allocating common symbols
Common symbol       size              file

ScreenType          0x2               VntController2.o
pressure            0x2               Interupt.o
buffer              0xa               VntController2.o
ScreenChanged       0x1               VntController2.o

Memory Configuration

Name             Origin             Length             Attributes
text             0x00000000         0x00020000         xr
data             0x00800100         0x0000ff00         rw !x
eeprom           0x00810000         0x00010000         rw !x
fuse             0x00820000         0x00000400         rw !x
lock             0x00830000         0x00000400         rw !x
signature        0x00840000         0x00000400         rw !x
*default*        0x00000000         0xffffffff

Linker script and memory map

Address of section .data set to 0x800100
LOAD d:/program files/msvisualstd10/extensions/atmel/avrgcc/3.4.1.95/avrtoolchain/bin/../lib/gcc/avr/4.6.2/../../../../avr/lib/avr51/crtm128a.o
LOAD Adc.o
LOAD Display.o
LOAD Interupt.o
LOAD lcd.o
LOAD PedalSensor.o
LOAD PressureSensor.o
LOAD VacuumControl.o
LOAD VntController2.o
START GROUP
LOAD d:/program files/msvisualstd10/extensions/atmel/avrgcc/3.4.1.95/avrtoolchain/bin/../lib/gcc/avr/4.6.2/../../../../avr/lib/avr51\libm.a
END GROUP
LOAD d:/program files/msvisualstd10/extensions/atmel/avrgcc/3.4.1.95/avrtoolchain/bin/../lib/gcc/avr/4.6.2/avr51\libgcc.a
LOAD d:/program files/msvisualstd10/extensions/atmel/avrgcc/3.4.1.95/avrtoolchain/bin/../lib/gcc/avr/4.6.2/../../../../avr/lib/avr51\libc.a
LOAD d:/program files/msvisualstd10/extensions/atmel/avrgcc/3.4.1.95/avrtoolchain/bin/../lib/gcc/avr/4.6.2/avr51\libgcc.a

.hash
 *(.hash)

.dynsym
 *(.dynsym)

.dynstr
 *(.dynstr)

.gnu.version
 *(.gnu.version)

.gnu.version_d
 *(.gnu.version_d)

.gnu.version_r
 *(.gnu.version_r)

.rel.init
 *(.rel.init)

.rela.init
 *(.rela.init)

.rel.text
 *(.rel.text)
 *(.rel.text.*)
 *(.rel.gnu.linkonce.t*)

.rela.text
 *(.rela.text)
 *(.rela.text.*)
 *(.rela.gnu.linkonce.t*)

.rel.fini
 *(.rel.fini)

.rela.fini
 *(.rela.fini)

.rel.rodata
 *(.rel.rodata)
 *(.rel.rodata.*)
 *(.rel.gnu.linkonce.r*)

.rela.rodata
 *(.rela.rodata)
 *(.rela.rodata.*)
 *(.rela.gnu.linkonce.r*)

.rel.data
 *(.rel.data)
 *(.rel.data.*)
 *(.rel.gnu.linkonce.d*)

.rela.data
 *(.rela.data)
 *(.rela.data.*)
 *(.rela.gnu.linkonce.d*)

.rel.ctors
 *(.rel.ctors)

.rela.ctors
 *(.rela.ctors)

.rel.dtors
 *(.rel.dtors)

.rela.dtors
 *(.rela.dtors)

.rel.got
 *(.rel.got)

.rela.got
 *(.rela.got)

.rel.bss
 *(.rel.bss)

.rela.bss
 *(.rela.bss)

.rel.plt
 *(.rel.plt)

.rela.plt
 *(.rela.plt)

.text           0x00000000     0x100e
 *(.vectors)
 .vectors       0x00000000       0x8c d:/program files/msvisualstd10/extensions/atmel/avrgcc/3.4.1.95/avrtoolchain/bin/../lib/gcc/avr/4.6.2/../../../../avr/lib/avr51/crtm128a.o
                0x00000000                __vector_default
                0x00000000                __vectors
 *(.vectors)
 *(.progmem.gcc*)
 *(.progmem*)
                0x0000008c                . = ALIGN (0x2)
                0x0000008c                __trampolines_start = .
 *(.trampolines)
 .trampolines   0x0000008c        0x0 linker stubs
 *(.trampolines*)
                0x0000008c                __trampolines_end = .
 *(.jumptables)
 *(.jumptables*)
 *(.lowtext)
 *(.lowtext*)
                0x0000008c                __ctors_start = .
 *(.ctors)
                0x0000008c                __ctors_end = .
                0x0000008c                __dtors_start = .
 *(.dtors)
                0x0000008c                __dtors_end = .
 SORT(*)(.ctors)
 SORT(*)(.dtors)
 *(.init0)
 .init0         0x0000008c        0x0 d:/program files/msvisualstd10/extensions/atmel/avrgcc/3.4.1.95/avrtoolchain/bin/../lib/gcc/avr/4.6.2/../../../../avr/lib/avr51/crtm128a.o
                0x0000008c                __init
 *(.init0)
 *(.init1)
 *(.init1)
 *(.init2)
 .init2         0x0000008c        0xc d:/program files/msvisualstd10/extensions/atmel/avrgcc/3.4.1.95/avrtoolchain/bin/../lib/gcc/avr/4.6.2/../../../../avr/lib/avr51/crtm128a.o
 *(.init2)
 *(.init3)
 *(.init3)
 *(.init4)
 .init4         0x00000098       0x1c d:/program files/msvisualstd10/extensions/atmel/avrgcc/3.4.1.95/avrtoolchain/bin/../lib/gcc/avr/4.6.2/avr51\libgcc.a(_copy_data.o)
                0x00000098                __do_copy_data
 .init4         0x000000b4       0x10 d:/program files/msvisualstd10/extensions/atmel/avrgcc/3.4.1.95/avrtoolchain/bin/../lib/gcc/avr/4.6.2/avr51\libgcc.a(_clear_bss.o)
                0x000000b4                __do_clear_bss
 *(.init4)
 *(.init5)
 *(.init5)
 *(.init6)
 *(.init6)
 *(.init7)
 *(.init7)
 *(.init8)
 *(.init8)
 *(.init9)
 .init9         0x000000c4        0x8 d:/program files/msvisualstd10/extensions/atmel/avrgcc/3.4.1.95/avrtoolchain/bin/../lib/gcc/avr/4.6.2/../../../../avr/lib/avr51/crtm128a.o
 *(.init9)
 *(.text)
 .text          0x000000cc        0x4 d:/program files/msvisualstd10/extensions/atmel/avrgcc/3.4.1.95/avrtoolchain/bin/../lib/gcc/avr/4.6.2/../../../../avr/lib/avr51/crtm128a.o
                0x000000cc                __vector_22
                0x000000cc                __vector_28
                0x000000cc                __vector_1
                0x000000cc                __vector_32
                0x000000cc                __vector_34
                0x000000cc                __vector_24
                0x000000cc                __bad_interrupt
                0x000000cc                __vector_6
                0x000000cc                __vector_31
                0x000000cc                __vector_3
                0x000000cc                __vector_23
                0x000000cc                __vector_30
                0x000000cc                __vector_25
                0x000000cc                __vector_11
                0x000000cc                __vector_13
                0x000000cc                __vector_17
                0x000000cc                __vector_19
                0x000000cc                __vector_7
                0x000000cc                __vector_27
                0x000000cc                __vector_5
                0x000000cc                __vector_33
                0x000000cc                __vector_4
                0x000000cc                __vector_9
                0x000000cc                __vector_2
                0x000000cc                __vector_21
                0x000000cc                __vector_15
                0x000000cc                __vector_29
                0x000000cc                __vector_8
                0x000000cc                __vector_14
                0x000000cc                __vector_10
                0x000000cc                __vector_16
                0x000000cc                __vector_18
                0x000000cc                __vector_20
 .text          0x000000d0       0xa6 Adc.o
                0x000000d0                adcPrepare
                0x000000d6                adcPrepare2
                0x000000f6                getAdcVoltage
                0x0000012c                getADC
                0x0000015a                ReadADC
 .text          0x00000176       0x62 Display.o
                0x00000176                InitializeLcdScreen
                0x00000182                PutPressure
 .text          0x000001d8      0x1f0 Interupt.o
                0x000001d8                setupTimer
                0x00000234                __vector_26
                0x00000248                __vector_12
 .text          0x000003c8      0x22c lcd.o
                0x0000048e                lcd_command
                0x000004a2                lcd_data
                0x000004b6                lcd_gotoxy
                0x000004e2                lcd_getxy
                0x000004ea                lcd_clrscr
                0x000004f2                lcd_home
                0x000004fa                lcd_putc
                0x0000053a                lcd_puts
                0x00000558                lcd_puts_p
                0x0000057c                lcd_init
 .text          0x000005f4        0xa PedalSensor.o
                0x000005f4                getPedalPosition
 .text          0x000005fe       0x88 PressureSensor.o
                0x000005fe                GetPressure
 .text          0x00000686       0x28 VacuumControl.o
                0x00000686                IncreaseVanePos
                0x0000069a                DecreaseVanePos
 .text          0x000006ae      0x47e VntController2.o
                0x000006ae                startup
                0x0000072a                ScreenTest
                0x00000962                ScreenMain
                0x00000af6                main
 .text          0x00000b2c        0x0 d:/program files/msvisualstd10/extensions/atmel/avrgcc/3.4.1.95/avrtoolchain/bin/../lib/gcc/avr/4.6.2/../../../../avr/lib/avr51\libm.a(addsf3.o)
 .text          0x00000b2c        0x0 d:/program files/msvisualstd10/extensions/atmel/avrgcc/3.4.1.95/avrtoolchain/bin/../lib/gcc/avr/4.6.2/../../../../avr/lib/avr51\libm.a(addsf3x.o)
 .text          0x00000b2c        0x0 d:/program files/msvisualstd10/extensions/atmel/avrgcc/3.4.1.95/avrtoolchain/bin/../lib/gcc/avr/4.6.2/../../../../avr/lib/avr51\libm.a(cmpsf2.o)
 .text          0x00000b2c        0x0 d:/program files/msvisualstd10/extensions/atmel/avrgcc/3.4.1.95/avrtoolchain/bin/../lib/gcc/avr/4.6.2/../../../../avr/lib/avr51\libm.a(divsf3.o)
 .text          0x00000b2c        0x0 d:/program files/msvisualstd10/extensions/atmel/avrgcc/3.4.1.95/avrtoolchain/bin/../lib/gcc/avr/4.6.2/../../../../avr/lib/avr51\libm.a(divsf3x.o)
 .text          0x00000b2c        0x0 d:/program files/msvisualstd10/extensions/atmel/avrgcc/3.4.1.95/avrtoolchain/bin/../lib/gcc/avr/4.6.2/../../../../avr/lib/avr51\libm.a(fixsfsi.o)
 .text          0x00000b2c        0x0 d:/program files/msvisualstd10/extensions/atmel/avrgcc/3.4.1.95/avrtoolchain/bin/../lib/gcc/avr/4.6.2/../../../../avr/lib/avr51\libm.a(fixunssfsi.o)
 .text          0x00000b2c        0x0 d:/program files/msvisualstd10/extensions/atmel/avrgcc/3.4.1.95/avrtoolchain/bin/../lib/gcc/avr/4.6.2/../../../../avr/lib/avr51\libm.a(floatsisf.o)
 .text          0x00000b2c        0x0 d:/program files/msvisualstd10/extensions/atmel/avrgcc/3.4.1.95/avrtoolchain/bin/../lib/gcc/avr/4.6.2/../../../../avr/lib/avr51\libm.a(fp_cmp.o)
 .text          0x00000b2c        0x0 d:/program files/msvisualstd10/extensions/atmel/avrgcc/3.4.1.95/avrtoolchain/bin/../lib/gcc/avr/4.6.2/../../../../avr/lib/avr51\libm.a(fp_inf.o)
 .text          0x00000b2c        0x0 d:/program files/msvisualstd10/extensions/atmel/avrgcc/3.4.1.95/avrtoolchain/bin/../lib/gcc/avr/4.6.2/../../../../avr/lib/avr51\libm.a(fp_nan.o)
 .text          0x00000b2c        0x0 d:/program files/msvisualstd10/extensions/atmel/avrgcc/3.4.1.95/avrtoolchain/bin/../lib/gcc/avr/4.6.2/../../../../avr/lib/avr51\libm.a(fp_pscA.o)
 .text          0x00000b2c        0x0 d:/program files/msvisualstd10/extensions/atmel/avrgcc/3.4.1.95/avrtoolchain/bin/../lib/gcc/avr/4.6.2/../../../../avr/lib/avr51\libm.a(fp_pscB.o)
 .text          0x00000b2c        0x0 d:/program files/msvisualstd10/extensions/atmel/avrgcc/3.4.1.95/avrtoolchain/bin/../lib/gcc/avr/4.6.2/../../../../avr/lib/avr51\libm.a(fp_round.o)
 .text          0x00000b2c        0x0 d:/program files/msvisualstd10/extensions/atmel/avrgcc/3.4.1.95/avrtoolchain/bin/../lib/gcc/avr/4.6.2/../../../../avr/lib/avr51\libm.a(fp_split3.o)
 .text          0x00000b2c        0x0 d:/program files/msvisualstd10/extensions/atmel/avrgcc/3.4.1.95/avrtoolchain/bin/../lib/gcc/avr/4.6.2/../../../../avr/lib/avr51\libm.a(fp_zero.o)
 .text          0x00000b2c        0x0 d:/program files/msvisualstd10/extensions/atmel/avrgcc/3.4.1.95/avrtoolchain/bin/../lib/gcc/avr/4.6.2/../../../../avr/lib/avr51\libm.a(mulsf3.o)
 .text          0x00000b2c        0x0 d:/program files/msvisualstd10/extensions/atmel/avrgcc/3.4.1.95/avrtoolchain/bin/../lib/gcc/avr/4.6.2/../../../../avr/lib/avr51\libm.a(mulsf3x.o)
 .text          0x00000b2c        0x0 d:/program files/msvisualstd10/extensions/atmel/avrgcc/3.4.1.95/avrtoolchain/bin/../lib/gcc/avr/4.6.2/avr51\libgcc.a(_divmodhi4.o)
 .text          0x00000b2c        0x0 d:/program files/msvisualstd10/extensions/atmel/avrgcc/3.4.1.95/avrtoolchain/bin/../lib/gcc/avr/4.6.2/avr51\libgcc.a(_exit.o)
 .text          0x00000b2c        0x0 d:/program files/msvisualstd10/extensions/atmel/avrgcc/3.4.1.95/avrtoolchain/bin/../lib/gcc/avr/4.6.2/avr51\libgcc.a(_copy_data.o)
 .text          0x00000b2c        0x0 d:/program files/msvisualstd10/extensions/atmel/avrgcc/3.4.1.95/avrtoolchain/bin/../lib/gcc/avr/4.6.2/avr51\libgcc.a(_clear_bss.o)
 .text          0x00000b2c        0x0 d:/program files/msvisualstd10/extensions/atmel/avrgcc/3.4.1.95/avrtoolchain/bin/../lib/gcc/avr/4.6.2/avr51\libgcc.a(_udivmodhi4.o)
 .text          0x00000b2c        0x0 d:/program files/msvisualstd10/extensions/atmel/avrgcc/3.4.1.95/avrtoolchain/bin/../lib/gcc/avr/4.6.2/../../../../avr/lib/avr51\libc.a(itoa.o)
 .text          0x00000b2c        0x0 d:/program files/msvisualstd10/extensions/atmel/avrgcc/3.4.1.95/avrtoolchain/bin/../lib/gcc/avr/4.6.2/../../../../avr/lib/avr51\libc.a(strrev.o)
                0x00000b2c                . = ALIGN (0x2)
 *(.text.*)
 .text.avr-libc.fplib
                0x00000b2c        0xa d:/program files/msvisualstd10/extensions/atmel/avrgcc/3.4.1.95/avrtoolchain/bin/../lib/gcc/avr/4.6.2/../../../../avr/lib/avr51\libm.a(addsf3.o)
                0x00000b2c                __subsf3
                0x00000b2e                __addsf3
 .text.avr-libc.fplib
                0x00000b36       0xc0 d:/program files/msvisualstd10/extensions/atmel/avrgcc/3.4.1.95/avrtoolchain/bin/../lib/gcc/avr/4.6.2/../../../../avr/lib/avr51\libm.a(addsf3x.o)
                0x00000b50                __addsf3x
 .text.avr-libc.fplib
                0x00000bf6        0x8 d:/program files/msvisualstd10/extensions/atmel/avrgcc/3.4.1.95/avrtoolchain/bin/../lib/gcc/avr/4.6.2/../../../../avr/lib/avr51\libm.a(cmpsf2.o)
                0x00000bf6                __nesf2
                0x00000bf6                __eqsf2
                0x00000bf6                __cmpsf2
                0x00000bf6                __ltsf2
                0x00000bf6                __lesf2
 .text.avr-libc.fplib
                0x00000bfe        0x4 d:/program files/msvisualstd10/extensions/atmel/avrgcc/3.4.1.95/avrtoolchain/bin/../lib/gcc/avr/4.6.2/../../../../avr/lib/avr51\libm.a(divsf3.o)
                0x00000bfe                __divsf3
 .text.avr-libc.fplib
                0x00000c02       0xcc d:/program files/msvisualstd10/extensions/atmel/avrgcc/3.4.1.95/avrtoolchain/bin/../lib/gcc/avr/4.6.2/../../../../avr/lib/avr51\libm.a(divsf3x.o)
                0x00000c18                __divsf3x
                0x00000c1c                __divsf3_pse
 .text.avr-libc.fplib
                0x00000cce        0xa d:/program files/msvisualstd10/extensions/atmel/avrgcc/3.4.1.95/avrtoolchain/bin/../lib/gcc/avr/4.6.2/../../../../avr/lib/avr51\libm.a(fixsfsi.o)
                0x00000cce                __fixsfsi
 .text.avr-libc.fplib
                0x00000cd8       0x58 d:/program files/msvisualstd10/extensions/atmel/avrgcc/3.4.1.95/avrtoolchain/bin/../lib/gcc/avr/4.6.2/../../../../avr/lib/avr51\libm.a(fixunssfsi.o)
                0x00000cd8                __fixunssfsi
 .text.avr-libc.fplib
                0x00000d30       0x7a d:/program files/msvisualstd10/extensions/atmel/avrgcc/3.4.1.95/avrtoolchain/bin/../lib/gcc/avr/4.6.2/../../../../avr/lib/avr51\libm.a(floatsisf.o)
                0x00000d30                __floatunsisf
                0x00000d34                __floatsisf
 .text.avr-libc.fplib
                0x00000daa       0x48 d:/program files/msvisualstd10/extensions/atmel/avrgcc/3.4.1.95/avrtoolchain/bin/../lib/gcc/avr/4.6.2/../../../../avr/lib/avr51\libm.a(fp_cmp.o)
                0x00000daa                __fp_cmp
 .text.avr-libc.fplib
                0x00000df2        0xc d:/program files/msvisualstd10/extensions/atmel/avrgcc/3.4.1.95/avrtoolchain/bin/../lib/gcc/avr/4.6.2/../../../../avr/lib/avr51\libm.a(fp_inf.o)
                0x00000df2                __fp_inf
 .text.avr-libc.fplib
                0x00000dfe        0x6 d:/program files/msvisualstd10/extensions/atmel/avrgcc/3.4.1.95/avrtoolchain/bin/../lib/gcc/avr/4.6.2/../../../../avr/lib/avr51\libm.a(fp_nan.o)
                0x00000dfe                __fp_nan
 .text.avr-libc.fplib
                0x00000e04        0xe d:/program files/msvisualstd10/extensions/atmel/avrgcc/3.4.1.95/avrtoolchain/bin/../lib/gcc/avr/4.6.2/../../../../avr/lib/avr51\libm.a(fp_pscA.o)
                0x00000e04                __fp_pscA
 .text.avr-libc.fplib
                0x00000e12        0xe d:/program files/msvisualstd10/extensions/atmel/avrgcc/3.4.1.95/avrtoolchain/bin/../lib/gcc/avr/4.6.2/../../../../avr/lib/avr51\libm.a(fp_pscB.o)
                0x00000e12                __fp_pscB
 .text.avr-libc.fplib
                0x00000e20       0x22 d:/program files/msvisualstd10/extensions/atmel/avrgcc/3.4.1.95/avrtoolchain/bin/../lib/gcc/avr/4.6.2/../../../../avr/lib/avr51\libm.a(fp_round.o)
                0x00000e20                __fp_round
 .text.avr-libc.fplib
                0x00000e42       0x44 d:/program files/msvisualstd10/extensions/atmel/avrgcc/3.4.1.95/avrtoolchain/bin/../lib/gcc/avr/4.6.2/../../../../avr/lib/avr51\libm.a(fp_split3.o)
                0x00000e42                __fp_split3
                0x00000e52                __fp_splitA
 .text.avr-libc.fplib
                0x00000e86        0xe d:/program files/msvisualstd10/extensions/atmel/avrgcc/3.4.1.95/avrtoolchain/bin/../lib/gcc/avr/4.6.2/../../../../avr/lib/avr51\libm.a(fp_zero.o)
                0x00000e86                __fp_zero
                0x00000e88                __fp_szero
 .text.avr-libc.fplib
                0x00000e94        0x4 d:/program files/msvisualstd10/extensions/atmel/avrgcc/3.4.1.95/avrtoolchain/bin/../lib/gcc/avr/4.6.2/../../../../avr/lib/avr51\libm.a(mulsf3.o)
                0x00000e94                __mulsf3
 .text.avr-libc.fplib
                0x00000e98       0xc2 d:/program files/msvisualstd10/extensions/atmel/avrgcc/3.4.1.95/avrtoolchain/bin/../lib/gcc/avr/4.6.2/../../../../avr/lib/avr51\libm.a(mulsf3x.o)
                0x00000eac                __mulsf3x
                0x00000eb0                __mulsf3_pse
 .text.libgcc   0x00000f5a       0x26 d:/program files/msvisualstd10/extensions/atmel/avrgcc/3.4.1.95/avrtoolchain/bin/../lib/gcc/avr/4.6.2/avr51\libgcc.a(_divmodhi4.o)
                0x00000f5a                _div
                0x00000f5a                __divmodhi4
 .text.libgcc   0x00000f80        0x0 d:/program files/msvisualstd10/extensions/atmel/avrgcc/3.4.1.95/avrtoolchain/bin/../lib/gcc/avr/4.6.2/avr51\libgcc.a(_exit.o)
 .text.libgcc   0x00000f80        0x0 d:/program files/msvisualstd10/extensions/atmel/avrgcc/3.4.1.95/avrtoolchain/bin/../lib/gcc/avr/4.6.2/avr51\libgcc.a(_copy_data.o)
 .text.libgcc   0x00000f80        0x0 d:/program files/msvisualstd10/extensions/atmel/avrgcc/3.4.1.95/avrtoolchain/bin/../lib/gcc/avr/4.6.2/avr51\libgcc.a(_clear_bss.o)
 .text.libgcc   0x00000f80       0x28 d:/program files/msvisualstd10/extensions/atmel/avrgcc/3.4.1.95/avrtoolchain/bin/../lib/gcc/avr/4.6.2/avr51\libgcc.a(_udivmodhi4.o)
                0x00000f80                __udivmodhi4
 .text.avr-libc
                0x00000fa8       0x42 d:/program files/msvisualstd10/extensions/atmel/avrgcc/3.4.1.95/avrtoolchain/bin/../lib/gcc/avr/4.6.2/../../../../avr/lib/avr51\libc.a(itoa.o)
                0x00000fa8                itoa
 .text.avr-libc
                0x00000fea       0x20 d:/program files/msvisualstd10/extensions/atmel/avrgcc/3.4.1.95/avrtoolchain/bin/../lib/gcc/avr/4.6.2/../../../../avr/lib/avr51\libc.a(strrev.o)
                0x00000fea                strrev
                0x0000100a                . = ALIGN (0x2)
 *(.fini9)
 .fini9         0x0000100a        0x0 d:/program files/msvisualstd10/extensions/atmel/avrgcc/3.4.1.95/avrtoolchain/bin/../lib/gcc/avr/4.6.2/avr51\libgcc.a(_exit.o)
                0x0000100a                _exit
                0x0000100a                exit
 *(.fini9)
 *(.fini8)
 *(.fini8)
 *(.fini7)
 *(.fini7)
 *(.fini6)
 *(.fini6)
 *(.fini5)
 *(.fini5)
 *(.fini4)
 *(.fini4)
 *(.fini3)
 *(.fini3)
 *(.fini2)
 *(.fini2)
 *(.fini1)
 *(.fini1)
 *(.fini0)
 .fini0         0x0000100a        0x4 d:/program files/msvisualstd10/extensions/atmel/avrgcc/3.4.1.95/avrtoolchain/bin/../lib/gcc/avr/4.6.2/avr51\libgcc.a(_exit.o)
 *(.fini0)
                0x0000100e                _etext = .

.data           0x00800100       0xac load address 0x0000100e
                0x00800100                PROVIDE (__data_start, .)
 *(.data)
 .data          0x00800100        0x0 d:/program files/msvisualstd10/extensions/atmel/avrgcc/3.4.1.95/avrtoolchain/bin/../lib/gcc/avr/4.6.2/../../../../avr/lib/avr51/crtm128a.o
 .data          0x00800100        0x0 Adc.o
 .data          0x00800100        0x2 Display.o
 .data          0x00800102        0x4 Interupt.o
                0x00800102                MaxSlegis
                0x00800104                VntPercentage
 .data          0x00800106        0x0 lcd.o
 .data          0x00800106        0x0 PedalSensor.o
 .data          0x00800106        0x0 PressureSensor.o
 .data          0x00800106        0x0 VacuumControl.o
 .data          0x00800106       0xa5 VntController2.o
 .data          0x008001ab        0x0 d:/program files/msvisualstd10/extensions/atmel/avrgcc/3.4.1.95/avrtoolchain/bin/../lib/gcc/avr/4.6.2/../../../../avr/lib/avr51\libm.a(addsf3.o)
 .data          0x008001ab        0x0 d:/program files/msvisualstd10/extensions/atmel/avrgcc/3.4.1.95/avrtoolchain/bin/../lib/gcc/avr/4.6.2/../../../../avr/lib/avr51\libm.a(addsf3x.o)
 .data          0x008001ab        0x0 d:/program files/msvisualstd10/extensions/atmel/avrgcc/3.4.1.95/avrtoolchain/bin/../lib/gcc/avr/4.6.2/../../../../avr/lib/avr51\libm.a(cmpsf2.o)
 .data          0x008001ab        0x0 d:/program files/msvisualstd10/extensions/atmel/avrgcc/3.4.1.95/avrtoolchain/bin/../lib/gcc/avr/4.6.2/../../../../avr/lib/avr51\libm.a(divsf3.o)
 .data          0x008001ab        0x0 d:/program files/msvisualstd10/extensions/atmel/avrgcc/3.4.1.95/avrtoolchain/bin/../lib/gcc/avr/4.6.2/../../../../avr/lib/avr51\libm.a(divsf3x.o)
 .data          0x008001ab        0x0 d:/program files/msvisualstd10/extensions/atmel/avrgcc/3.4.1.95/avrtoolchain/bin/../lib/gcc/avr/4.6.2/../../../../avr/lib/avr51\libm.a(fixsfsi.o)
 .data          0x008001ab        0x0 d:/program files/msvisualstd10/extensions/atmel/avrgcc/3.4.1.95/avrtoolchain/bin/../lib/gcc/avr/4.6.2/../../../../avr/lib/avr51\libm.a(fixunssfsi.o)
 .data          0x008001ab        0x0 d:/program files/msvisualstd10/extensions/atmel/avrgcc/3.4.1.95/avrtoolchain/bin/../lib/gcc/avr/4.6.2/../../../../avr/lib/avr51\libm.a(floatsisf.o)
 .data          0x008001ab        0x0 d:/program files/msvisualstd10/extensions/atmel/avrgcc/3.4.1.95/avrtoolchain/bin/../lib/gcc/avr/4.6.2/../../../../avr/lib/avr51\libm.a(fp_cmp.o)
 .data          0x008001ab        0x0 d:/program files/msvisualstd10/extensions/atmel/avrgcc/3.4.1.95/avrtoolchain/bin/../lib/gcc/avr/4.6.2/../../../../avr/lib/avr51\libm.a(fp_inf.o)
 .data          0x008001ab        0x0 d:/program files/msvisualstd10/extensions/atmel/avrgcc/3.4.1.95/avrtoolchain/bin/../lib/gcc/avr/4.6.2/../../../../avr/lib/avr51\libm.a(fp_nan.o)
 .data          0x008001ab        0x0 d:/program files/msvisualstd10/extensions/atmel/avrgcc/3.4.1.95/avrtoolchain/bin/../lib/gcc/avr/4.6.2/../../../../avr/lib/avr51\libm.a(fp_pscA.o)
 .data          0x008001ab        0x0 d:/program files/msvisualstd10/extensions/atmel/avrgcc/3.4.1.95/avrtoolchain/bin/../lib/gcc/avr/4.6.2/../../../../avr/lib/avr51\libm.a(fp_pscB.o)
 .data          0x008001ab        0x0 d:/program files/msvisualstd10/extensions/atmel/avrgcc/3.4.1.95/avrtoolchain/bin/../lib/gcc/avr/4.6.2/../../../../avr/lib/avr51\libm.a(fp_round.o)
 .data          0x008001ab        0x0 d:/program files/msvisualstd10/extensions/atmel/avrgcc/3.4.1.95/avrtoolchain/bin/../lib/gcc/avr/4.6.2/../../../../avr/lib/avr51\libm.a(fp_split3.o)
 .data          0x008001ab        0x0 d:/program files/msvisualstd10/extensions/atmel/avrgcc/3.4.1.95/avrtoolchain/bin/../lib/gcc/avr/4.6.2/../../../../avr/lib/avr51\libm.a(fp_zero.o)
 .data          0x008001ab        0x0 d:/program files/msvisualstd10/extensions/atmel/avrgcc/3.4.1.95/avrtoolchain/bin/../lib/gcc/avr/4.6.2/../../../../avr/lib/avr51\libm.a(mulsf3.o)
 .data          0x008001ab        0x0 d:/program files/msvisualstd10/extensions/atmel/avrgcc/3.4.1.95/avrtoolchain/bin/../lib/gcc/avr/4.6.2/../../../../avr/lib/avr51\libm.a(mulsf3x.o)
 .data          0x008001ab        0x0 d:/program files/msvisualstd10/extensions/atmel/avrgcc/3.4.1.95/avrtoolchain/bin/../lib/gcc/avr/4.6.2/avr51\libgcc.a(_divmodhi4.o)
 .data          0x008001ab        0x0 d:/program files/msvisualstd10/extensions/atmel/avrgcc/3.4.1.95/avrtoolchain/bin/../lib/gcc/avr/4.6.2/avr51\libgcc.a(_exit.o)
 .data          0x008001ab        0x0 d:/program files/msvisualstd10/extensions/atmel/avrgcc/3.4.1.95/avrtoolchain/bin/../lib/gcc/avr/4.6.2/avr51\libgcc.a(_copy_data.o)
 .data          0x008001ab        0x0 d:/program files/msvisualstd10/extensions/atmel/avrgcc/3.4.1.95/avrtoolchain/bin/../lib/gcc/avr/4.6.2/avr51\libgcc.a(_clear_bss.o)
 .data          0x008001ab        0x0 d:/program files/msvisualstd10/extensions/atmel/avrgcc/3.4.1.95/avrtoolchain/bin/../lib/gcc/avr/4.6.2/avr51\libgcc.a(_udivmodhi4.o)
 .data          0x008001ab        0x0 d:/program files/msvisualstd10/extensions/atmel/avrgcc/3.4.1.95/avrtoolchain/bin/../lib/gcc/avr/4.6.2/../../../../avr/lib/avr51\libc.a(itoa.o)
 .data          0x008001ab        0x0 d:/program files/msvisualstd10/extensions/atmel/avrgcc/3.4.1.95/avrtoolchain/bin/../lib/gcc/avr/4.6.2/../../../../avr/lib/avr51\libc.a(strrev.o)
 *(.data*)
 *(.rodata)
 *(.rodata*)
 *(.gnu.linkonce.d*)
                0x008001ac                . = ALIGN (0x2)
 *fill*         0x008001ab        0x1 00
                0x008001ac                _edata = .
                0x008001ac                PROVIDE (__data_end, .)

.bss            0x008001ac       0x17
                0x008001ac                PROVIDE (__bss_start, .)
 *(.bss)
 .bss           0x008001ac        0x0 d:/program files/msvisualstd10/extensions/atmel/avrgcc/3.4.1.95/avrtoolchain/bin/../lib/gcc/avr/4.6.2/../../../../avr/lib/avr51/crtm128a.o
 .bss           0x008001ac        0x0 Adc.o
 .bss           0x008001ac        0x1 Display.o
                0x008001ac                viewChanged
 .bss           0x008001ad        0x4 Interupt.o
                0x008001ad                peakPressure
                0x008001af                count
 .bss           0x008001b1        0x0 lcd.o
 .bss           0x008001b1        0x0 PedalSensor.o
 .bss           0x008001b1        0x0 PressureSensor.o
 .bss           0x008001b1        0x0 VacuumControl.o
 .bss           0x008001b1        0x3 VntController2.o
                0x008001b1                ScreenPointer
                0x008001b3                Selected
 .bss           0x008001b4        0x0 d:/program files/msvisualstd10/extensions/atmel/avrgcc/3.4.1.95/avrtoolchain/bin/../lib/gcc/avr/4.6.2/../../../../avr/lib/avr51\libm.a(addsf3.o)
 .bss           0x008001b4        0x0 d:/program files/msvisualstd10/extensions/atmel/avrgcc/3.4.1.95/avrtoolchain/bin/../lib/gcc/avr/4.6.2/../../../../avr/lib/avr51\libm.a(addsf3x.o)
 .bss           0x008001b4        0x0 d:/program files/msvisualstd10/extensions/atmel/avrgcc/3.4.1.95/avrtoolchain/bin/../lib/gcc/avr/4.6.2/../../../../avr/lib/avr51\libm.a(cmpsf2.o)
 .bss           0x008001b4        0x0 d:/program files/msvisualstd10/extensions/atmel/avrgcc/3.4.1.95/avrtoolchain/bin/../lib/gcc/avr/4.6.2/../../../../avr/lib/avr51\libm.a(divsf3.o)
 .bss           0x008001b4        0x0 d:/program files/msvisualstd10/extensions/atmel/avrgcc/3.4.1.95/avrtoolchain/bin/../lib/gcc/avr/4.6.2/../../../../avr/lib/avr51\libm.a(divsf3x.o)
 .bss           0x008001b4        0x0 d:/program files/msvisualstd10/extensions/atmel/avrgcc/3.4.1.95/avrtoolchain/bin/../lib/gcc/avr/4.6.2/../../../../avr/lib/avr51\libm.a(fixsfsi.o)
 .bss           0x008001b4        0x0 d:/program files/msvisualstd10/extensions/atmel/avrgcc/3.4.1.95/avrtoolchain/bin/../lib/gcc/avr/4.6.2/../../../../avr/lib/avr51\libm.a(fixunssfsi.o)
 .bss           0x008001b4        0x0 d:/program files/msvisualstd10/extensions/atmel/avrgcc/3.4.1.95/avrtoolchain/bin/../lib/gcc/avr/4.6.2/../../../../avr/lib/avr51\libm.a(floatsisf.o)
 .bss           0x008001b4        0x0 d:/program files/msvisualstd10/extensions/atmel/avrgcc/3.4.1.95/avrtoolchain/bin/../lib/gcc/avr/4.6.2/../../../../avr/lib/avr51\libm.a(fp_cmp.o)
 .bss           0x008001b4        0x0 d:/program files/msvisualstd10/extensions/atmel/avrgcc/3.4.1.95/avrtoolchain/bin/../lib/gcc/avr/4.6.2/../../../../avr/lib/avr51\libm.a(fp_inf.o)
 .bss           0x008001b4        0x0 d:/program files/msvisualstd10/extensions/atmel/avrgcc/3.4.1.95/avrtoolchain/bin/../lib/gcc/avr/4.6.2/../../../../avr/lib/avr51\libm.a(fp_nan.o)
 .bss           0x008001b4        0x0 d:/program files/msvisualstd10/extensions/atmel/avrgcc/3.4.1.95/avrtoolchain/bin/../lib/gcc/avr/4.6.2/../../../../avr/lib/avr51\libm.a(fp_pscA.o)
 .bss           0x008001b4        0x0 d:/program files/msvisualstd10/extensions/atmel/avrgcc/3.4.1.95/avrtoolchain/bin/../lib/gcc/avr/4.6.2/../../../../avr/lib/avr51\libm.a(fp_pscB.o)
 .bss           0x008001b4        0x0 d:/program files/msvisualstd10/extensions/atmel/avrgcc/3.4.1.95/avrtoolchain/bin/../lib/gcc/avr/4.6.2/../../../../avr/lib/avr51\libm.a(fp_round.o)
 .bss           0x008001b4        0x0 d:/program files/msvisualstd10/extensions/atmel/avrgcc/3.4.1.95/avrtoolchain/bin/../lib/gcc/avr/4.6.2/../../../../avr/lib/avr51\libm.a(fp_split3.o)
 .bss           0x008001b4        0x0 d:/program files/msvisualstd10/extensions/atmel/avrgcc/3.4.1.95/avrtoolchain/bin/../lib/gcc/avr/4.6.2/../../../../avr/lib/avr51\libm.a(fp_zero.o)
 .bss           0x008001b4        0x0 d:/program files/msvisualstd10/extensions/atmel/avrgcc/3.4.1.95/avrtoolchain/bin/../lib/gcc/avr/4.6.2/../../../../avr/lib/avr51\libm.a(mulsf3.o)
 .bss           0x008001b4        0x0 d:/program files/msvisualstd10/extensions/atmel/avrgcc/3.4.1.95/avrtoolchain/bin/../lib/gcc/avr/4.6.2/../../../../avr/lib/avr51\libm.a(mulsf3x.o)
 .bss           0x008001b4        0x0 d:/program files/msvisualstd10/extensions/atmel/avrgcc/3.4.1.95/avrtoolchain/bin/../lib/gcc/avr/4.6.2/avr51\libgcc.a(_divmodhi4.o)
 .bss           0x008001b4        0x0 d:/program files/msvisualstd10/extensions/atmel/avrgcc/3.4.1.95/avrtoolchain/bin/../lib/gcc/avr/4.6.2/avr51\libgcc.a(_exit.o)
 .bss           0x008001b4        0x0 d:/program files/msvisualstd10/extensions/atmel/avrgcc/3.4.1.95/avrtoolchain/bin/../lib/gcc/avr/4.6.2/avr51\libgcc.a(_copy_data.o)
 .bss           0x008001b4        0x0 d:/program files/msvisualstd10/extensions/atmel/avrgcc/3.4.1.95/avrtoolchain/bin/../lib/gcc/avr/4.6.2/avr51\libgcc.a(_clear_bss.o)
 .bss           0x008001b4        0x0 d:/program files/msvisualstd10/extensions/atmel/avrgcc/3.4.1.95/avrtoolchain/bin/../lib/gcc/avr/4.6.2/avr51\libgcc.a(_udivmodhi4.o)
 .bss           0x008001b4        0x0 d:/program files/msvisualstd10/extensions/atmel/avrgcc/3.4.1.95/avrtoolchain/bin/../lib/gcc/avr/4.6.2/../../../../avr/lib/avr51\libc.a(itoa.o)
 .bss           0x008001b4        0x0 d:/program files/msvisualstd10/extensions/atmel/avrgcc/3.4.1.95/avrtoolchain/bin/../lib/gcc/avr/4.6.2/../../../../avr/lib/avr51\libc.a(strrev.o)
 *(.bss*)
 *(COMMON)
 COMMON         0x008001b4        0x0 Display.o
 COMMON         0x008001b4        0x2 Interupt.o
                0x008001b4                pressure
 COMMON         0x008001b6        0xd VntController2.o
                0x008001b6                ScreenType
                0x008001b8                buffer
                0x008001c2                ScreenChanged
                0x008001c3                PROVIDE (__bss_end, .)
                0x0000100e                __data_load_start = LOADADDR (.data)
                0x000010ba                __data_load_end = (__data_load_start + SIZEOF (.data))

.noinit         0x008001c3        0x0
                0x008001c3                PROVIDE (__noinit_start, .)
 *(.noinit*)
                0x008001c3                PROVIDE (__noinit_end, .)
                0x008001c3                _end = .
                0x008001c3                PROVIDE (__heap_start, .)

.eeprom         0x00810000        0x0
 *(.eeprom*)
                0x00810000                __eeprom_end = .

.fuse
 *(.fuse)
 *(.lfuse)
 *(.hfuse)
 *(.efuse)

.lock
 *(.lock*)

.signature
 *(.signature*)

.stab           0x00000000     0x2664
 *(.stab)
 .stab          0x00000000      0x6cc d:/program files/msvisualstd10/extensions/atmel/avrgcc/3.4.1.95/avrtoolchain/bin/../lib/gcc/avr/4.6.2/../../../../avr/lib/avr51/crtm128a.o
 .stab          0x000006cc       0x78 d:/program files/msvisualstd10/extensions/atmel/avrgcc/3.4.1.95/avrtoolchain/bin/../lib/gcc/avr/4.6.2/../../../../avr/lib/avr51\libm.a(addsf3.o)
                                 0x84 (size before relaxing)
 .stab          0x00000744      0x4bc d:/program files/msvisualstd10/extensions/atmel/avrgcc/3.4.1.95/avrtoolchain/bin/../lib/gcc/avr/4.6.2/../../../../avr/lib/avr51\libm.a(addsf3x.o)
                                0x4c8 (size before relaxing)
 .stab          0x00000c00       0x90 d:/program files/msvisualstd10/extensions/atmel/avrgcc/3.4.1.95/avrtoolchain/bin/../lib/gcc/avr/4.6.2/../../../../avr/lib/avr51\libm.a(cmpsf2.o)
                                 0x9c (size before relaxing)
 .stab          0x00000c90       0x48 d:/program files/msvisualstd10/extensions/atmel/avrgcc/3.4.1.95/avrtoolchain/bin/../lib/gcc/avr/4.6.2/../../../../avr/lib/avr51\libm.a(divsf3.o)
                                 0x54 (size before relaxing)
 .stab          0x00000cd8      0x510 d:/program files/msvisualstd10/extensions/atmel/avrgcc/3.4.1.95/avrtoolchain/bin/../lib/gcc/avr/4.6.2/../../../../avr/lib/avr51\libm.a(divsf3x.o)
                                0x51c (size before relaxing)
 .stab          0x000011e8       0x6c d:/program files/msvisualstd10/extensions/atmel/avrgcc/3.4.1.95/avrtoolchain/bin/../lib/gcc/avr/4.6.2/../../../../avr/lib/avr51\libm.a(fixsfsi.o)
                                 0x78 (size before relaxing)
 .stab          0x00001254      0x240 d:/program files/msvisualstd10/extensions/atmel/avrgcc/3.4.1.95/avrtoolchain/bin/../lib/gcc/avr/4.6.2/../../../../avr/lib/avr51\libm.a(fixunssfsi.o)
                                0x24c (size before relaxing)
 .stab          0x00001494      0x318 d:/program files/msvisualstd10/extensions/atmel/avrgcc/3.4.1.95/avrtoolchain/bin/../lib/gcc/avr/4.6.2/../../../../avr/lib/avr51\libm.a(floatsisf.o)
                                0x324 (size before relaxing)
 .stab          0x000017ac      0x1e0 d:/program files/msvisualstd10/extensions/atmel/avrgcc/3.4.1.95/avrtoolchain/bin/../lib/gcc/avr/4.6.2/../../../../avr/lib/avr51\libm.a(fp_cmp.o)
                                0x1ec (size before relaxing)
 .stab          0x0000198c       0x78 d:/program files/msvisualstd10/extensions/atmel/avrgcc/3.4.1.95/avrtoolchain/bin/../lib/gcc/avr/4.6.2/../../../../avr/lib/avr51\libm.a(fp_inf.o)
                                 0x84 (size before relaxing)
 .stab          0x00001a04       0x54 d:/program files/msvisualstd10/extensions/atmel/avrgcc/3.4.1.95/avrtoolchain/bin/../lib/gcc/avr/4.6.2/../../../../avr/lib/avr51\libm.a(fp_nan.o)
                                 0x60 (size before relaxing)
 .stab          0x00001a58       0x84 d:/program files/msvisualstd10/extensions/atmel/avrgcc/3.4.1.95/avrtoolchain/bin/../lib/gcc/avr/4.6.2/../../../../avr/lib/avr51\libm.a(fp_pscA.o)
                                 0x90 (size before relaxing)
 .stab          0x00001adc       0x84 d:/program files/msvisualstd10/extensions/atmel/avrgcc/3.4.1.95/avrtoolchain/bin/../lib/gcc/avr/4.6.2/../../../../avr/lib/avr51\libm.a(fp_pscB.o)
                                 0x90 (size before relaxing)
 .stab          0x00001b60       0xfc d:/program files/msvisualstd10/extensions/atmel/avrgcc/3.4.1.95/avrtoolchain/bin/../lib/gcc/avr/4.6.2/../../../../avr/lib/avr51\libm.a(fp_round.o)
                                0x108 (size before relaxing)
 .stab          0x00001c5c      0x1d4 d:/program files/msvisualstd10/extensions/atmel/avrgcc/3.4.1.95/avrtoolchain/bin/../lib/gcc/avr/4.6.2/../../../../avr/lib/avr51\libm.a(fp_split3.o)
                                0x1e0 (size before relaxing)
 .stab          0x00001e30       0x90 d:/program files/msvisualstd10/extensions/atmel/avrgcc/3.4.1.95/avrtoolchain/bin/../lib/gcc/avr/4.6.2/../../../../avr/lib/avr51\libm.a(fp_zero.o)
                                 0x9c (size before relaxing)
 .stab          0x00001ec0       0x48 d:/program files/msvisualstd10/extensions/atmel/avrgcc/3.4.1.95/avrtoolchain/bin/../lib/gcc/avr/4.6.2/../../../../avr/lib/avr51\libm.a(mulsf3.o)
                                 0x54 (size before relaxing)
 .stab          0x00001f08      0x4d4 d:/program files/msvisualstd10/extensions/atmel/avrgcc/3.4.1.95/avrtoolchain/bin/../lib/gcc/avr/4.6.2/../../../../avr/lib/avr51\libm.a(mulsf3x.o)
                                0x4e0 (size before relaxing)
 .stab          0x000023dc      0x1b0 d:/program files/msvisualstd10/extensions/atmel/avrgcc/3.4.1.95/avrtoolchain/bin/../lib/gcc/avr/4.6.2/../../../../avr/lib/avr51\libc.a(itoa.o)
                                0x1bc (size before relaxing)
 .stab          0x0000258c       0xd8 d:/program files/msvisualstd10/extensions/atmel/avrgcc/3.4.1.95/avrtoolchain/bin/../lib/gcc/avr/4.6.2/../../../../avr/lib/avr51\libc.a(strrev.o)
                                 0xe4 (size before relaxing)

.stabstr        0x00000000      0x832
 *(.stabstr)
 .stabstr       0x00000000      0x832 d:/program files/msvisualstd10/extensions/atmel/avrgcc/3.4.1.95/avrtoolchain/bin/../lib/gcc/avr/4.6.2/../../../../avr/lib/avr51/crtm128a.o

.stab.excl
 *(.stab.excl)

.stab.exclstr
 *(.stab.exclstr)

.stab.index
 *(.stab.index)

.stab.indexstr
 *(.stab.indexstr)

.comment
 *(.comment)

.debug
 *(.debug)

.line
 *(.line)

.debug_srcinfo
 *(.debug_srcinfo)

.debug_sfnames
 *(.debug_sfnames)

.debug_aranges  0x00000000      0x1a0
 *(.debug_aranges)
 .debug_aranges
                0x00000000       0x20 Adc.o
 .debug_aranges
                0x00000020       0x20 Display.o
 .debug_aranges
                0x00000040       0x20 Interupt.o
 .debug_aranges
                0x00000060       0x20 lcd.o
 .debug_aranges
                0x00000080       0x20 PedalSensor.o
 .debug_aranges
                0x000000a0       0x20 PressureSensor.o
 .debug_aranges
                0x000000c0       0x20 VacuumControl.o
 .debug_aranges
                0x000000e0       0x20 VntController2.o
 .debug_aranges
                0x00000100       0x20 d:/program files/msvisualstd10/extensions/atmel/avrgcc/3.4.1.95/avrtoolchain/bin/../lib/gcc/avr/4.6.2/avr51\libgcc.a(_divmodhi4.o)
 .debug_aranges
                0x00000120       0x20 d:/program files/msvisualstd10/extensions/atmel/avrgcc/3.4.1.95/avrtoolchain/bin/../lib/gcc/avr/4.6.2/avr51\libgcc.a(_exit.o)
 .debug_aranges
                0x00000140       0x20 d:/program files/msvisualstd10/extensions/atmel/avrgcc/3.4.1.95/avrtoolchain/bin/../lib/gcc/avr/4.6.2/avr51\libgcc.a(_copy_data.o)
 .debug_aranges
                0x00000160       0x20 d:/program files/msvisualstd10/extensions/atmel/avrgcc/3.4.1.95/avrtoolchain/bin/../lib/gcc/avr/4.6.2/avr51\libgcc.a(_clear_bss.o)
 .debug_aranges
                0x00000180       0x20 d:/program files/msvisualstd10/extensions/atmel/avrgcc/3.4.1.95/avrtoolchain/bin/../lib/gcc/avr/4.6.2/avr51\libgcc.a(_udivmodhi4.o)

.debug_pubnames
 *(.debug_pubnames)

.debug_info     0x00000000     0x13ef
 *(.debug_info)
 .debug_info    0x00000000      0x18c Adc.o
 .debug_info    0x0000018c       0xf7 Display.o
 .debug_info    0x00000283      0x151 Interupt.o
 .debug_info    0x000003d4      0x619 lcd.o
 .debug_info    0x000009ed       0x59 PedalSensor.o
 .debug_info    0x00000a46       0x8f PressureSensor.o
 .debug_info    0x00000ad5      0x172 VacuumControl.o
 .debug_info    0x00000c47      0x352 VntController2.o
 .debug_info    0x00000f99       0xde d:/program files/msvisualstd10/extensions/atmel/avrgcc/3.4.1.95/avrtoolchain/bin/../lib/gcc/avr/4.6.2/avr51\libgcc.a(_divmodhi4.o)
 .debug_info    0x00001077       0xde d:/program files/msvisualstd10/extensions/atmel/avrgcc/3.4.1.95/avrtoolchain/bin/../lib/gcc/avr/4.6.2/avr51\libgcc.a(_exit.o)
 .debug_info    0x00001155       0xde d:/program files/msvisualstd10/extensions/atmel/avrgcc/3.4.1.95/avrtoolchain/bin/../lib/gcc/avr/4.6.2/avr51\libgcc.a(_copy_data.o)
 .debug_info    0x00001233       0xde d:/program files/msvisualstd10/extensions/atmel/avrgcc/3.4.1.95/avrtoolchain/bin/../lib/gcc/avr/4.6.2/avr51\libgcc.a(_clear_bss.o)
 .debug_info    0x00001311       0xde d:/program files/msvisualstd10/extensions/atmel/avrgcc/3.4.1.95/avrtoolchain/bin/../lib/gcc/avr/4.6.2/avr51\libgcc.a(_udivmodhi4.o)
 *(.gnu.linkonce.wi.*)

.debug_abbrev   0x00000000      0x7aa
 *(.debug_abbrev)
 .debug_abbrev  0x00000000       0xcc Adc.o
 .debug_abbrev  0x000000cc       0xad Display.o
 .debug_abbrev  0x00000179       0x88 Interupt.o
 .debug_abbrev  0x00000201      0x272 lcd.o
 .debug_abbrev  0x00000473       0x4c PedalSensor.o
 .debug_abbrev  0x000004bf       0x50 PressureSensor.o
 .debug_abbrev  0x0000050f       0xdc VacuumControl.o
 .debug_abbrev  0x000005eb      0x15b VntController2.o
 .debug_abbrev  0x00000746       0x14 d:/program files/msvisualstd10/extensions/atmel/avrgcc/3.4.1.95/avrtoolchain/bin/../lib/gcc/avr/4.6.2/avr51\libgcc.a(_divmodhi4.o)
 .debug_abbrev  0x0000075a       0x14 d:/program files/msvisualstd10/extensions/atmel/avrgcc/3.4.1.95/avrtoolchain/bin/../lib/gcc/avr/4.6.2/avr51\libgcc.a(_exit.o)
 .debug_abbrev  0x0000076e       0x14 d:/program files/msvisualstd10/extensions/atmel/avrgcc/3.4.1.95/avrtoolchain/bin/../lib/gcc/avr/4.6.2/avr51\libgcc.a(_copy_data.o)
 .debug_abbrev  0x00000782       0x14 d:/program files/msvisualstd10/extensions/atmel/avrgcc/3.4.1.95/avrtoolchain/bin/../lib/gcc/avr/4.6.2/avr51\libgcc.a(_clear_bss.o)
 .debug_abbrev  0x00000796       0x14 d:/program files/msvisualstd10/extensions/atmel/avrgcc/3.4.1.95/avrtoolchain/bin/../lib/gcc/avr/4.6.2/avr51\libgcc.a(_udivmodhi4.o)

.debug_line     0x00000000      0xbf0
 *(.debug_line)
 .debug_line    0x00000000       0xf9 Adc.o
 .debug_line    0x000000f9       0x43 Display.o
 .debug_line    0x0000013c      0x109 Interupt.o
 .debug_line    0x00000245      0x2c3 lcd.o
 .debug_line    0x00000508       0x3f PedalSensor.o
 .debug_line    0x00000547       0x46 PressureSensor.o
 .debug_line    0x0000058d      0x176 VacuumControl.o
 .debug_line    0x00000703      0x20e VntController2.o
 .debug_line    0x00000911       0x99 d:/program files/msvisualstd10/extensions/atmel/avrgcc/3.4.1.95/avrtoolchain/bin/../lib/gcc/avr/4.6.2/avr51\libgcc.a(_divmodhi4.o)
 .debug_line    0x000009aa       0x88 d:/program files/msvisualstd10/extensions/atmel/avrgcc/3.4.1.95/avrtoolchain/bin/../lib/gcc/avr/4.6.2/avr51\libgcc.a(_exit.o)
 .debug_line    0x00000a32       0x96 d:/program files/msvisualstd10/extensions/atmel/avrgcc/3.4.1.95/avrtoolchain/bin/../lib/gcc/avr/4.6.2/avr51\libgcc.a(_copy_data.o)
 .debug_line    0x00000ac8       0x8e d:/program files/msvisualstd10/extensions/atmel/avrgcc/3.4.1.95/avrtoolchain/bin/../lib/gcc/avr/4.6.2/avr51\libgcc.a(_clear_bss.o)
 .debug_line    0x00000b56       0x9a d:/program files/msvisualstd10/extensions/atmel/avrgcc/3.4.1.95/avrtoolchain/bin/../lib/gcc/avr/4.6.2/avr51\libgcc.a(_udivmodhi4.o)

.debug_frame    0x00000000      0x37c
 *(.debug_frame)
 .debug_frame   0x00000000       0x64 Adc.o
 .debug_frame   0x00000064       0x48 Display.o
 .debug_frame   0x000000ac       0x98 Interupt.o
 .debug_frame   0x00000144      0x134 lcd.o
 .debug_frame   0x00000278       0x24 PedalSensor.o
 .debug_frame   0x0000029c       0x38 PressureSensor.o
 .debug_frame   0x000002d4       0x34 VacuumControl.o
 .debug_frame   0x00000308       0x74 VntController2.o

.debug_str      0x00000000      0x442
 *(.debug_str)
 .debug_str     0x00000000      0x15d Adc.o
                                0x191 (size before relaxing)
 .debug_str     0x0000015d       0x47 Display.o
                                0x125 (size before relaxing)
 .debug_str     0x000001a4       0x71 Interupt.o
                                0x155 (size before relaxing)
 .debug_str     0x00000215      0x134 lcd.o
                                0x222 (size before relaxing)
 .debug_str     0x00000349       0x24 PedalSensor.o
                                 0x97 (size before relaxing)
 .debug_str     0x0000036d       0x28 PressureSensor.o
                                 0xfb (size before relaxing)
 .debug_str     0x00000395       0x44 VacuumControl.o
                                0x16c (size before relaxing)
 .debug_str     0x000003d9       0x69 VntController2.o
                                0x217 (size before relaxing)

.debug_loc      0x00000000      0x833
 *(.debug_loc)
 .debug_loc     0x00000000      0x118 Adc.o
 .debug_loc     0x00000118       0x71 Display.o
 .debug_loc     0x00000189       0xfa Interupt.o
 .debug_loc     0x00000283      0x479 lcd.o
 .debug_loc     0x000006fc       0xbf PressureSensor.o
 .debug_loc     0x000007bb       0x78 VntController2.o

.debug_macinfo
 *(.debug_macinfo)
OUTPUT(VntController2.elf elf32-avr)
LOAD linker stubs

.debug_ranges   0x00000000       0x20
 .debug_ranges  0x00000000       0x20 lcd.o
